\BOOKMARK [0][-]{chapter*.1}{\376\377\006\064\006\103\006\061\000\040\006\110\000\040\006\071\006\061\006\101\006\047\006\106}{}% 1
\BOOKMARK [0][-]{chapter*.2}{\376\377\006\045\006\107\006\057\006\047\006\041}{}% 2
\BOOKMARK [0][-]{chapter*.3}{\376\377\006\105\006\104\006\056\006\065}{}% 3
\BOOKMARK [0][-]{chapter*.4}{\376\377\000R\000\351\000s\000u\000m\000\351}{}% 4
\BOOKMARK [0][-]{chapter*.5}{\376\377\000A\000b\000s\000t\000r\000a\000c\000t}{}% 5
\BOOKMARK [0][-]{chapter*.9}{\376\377\006\102\006\047\006\046\006\105\006\051\000\040\006\047\006\104\006\047\006\056\006\052\006\065\006\047\006\061\006\047\006\052}{}% 6
\BOOKMARK [0][-]{chapter*.11}{\376\377\006\047\006\104\006\105\006\102\006\057\006\105\006\051\000\040\006\047\006\104\006\071\006\047\006\105\006\051}{}% 7
\BOOKMARK [0][-]{chapter.1}{\376\377\006\047\006\104\006\105\006\101\006\047\006\107\006\112\006\105\000\040\006\047\006\104\006\071\006\047\006\105\006\051\000\040\006\110\006\047\006\104\006\043\006\063\006\063\000\040\006\047\006\104\006\106\006\070\006\061\006\112\006\051}{}% 8
\BOOKMARK [1][-]{section.1.1}{\376\377\006\052\006\071\006\061\006\112\006\101\000\040\006\047\006\104\006\045\006\106\006\052\006\061\006\106\006\052\000\040\006\110\006\047\006\104\006\110\006\112\006\050}{chapter.1}% 9
\BOOKMARK [2][-]{subsection.1.1.1}{\376\377\006\052\006\071\006\061\006\112\006\101\000\040\006\047\006\104\006\045\006\106\006\052\006\061\006\106\006\052}{section.1.1}% 10
\BOOKMARK [2][-]{subsection.1.1.2}{\376\377\006\052\006\071\006\061\006\112\006\101\000\040\006\047\006\104\006\110\006\112\006\050}{section.1.1}% 11
\BOOKMARK [2][-]{subsection.1.1.3}{\376\377\006\047\006\104\006\101\006\061\006\102\000\040\006\050\006\112\006\106\000\040\006\047\006\104\006\045\006\106\006\052\006\061\006\106\006\052\000\040\006\110\006\047\006\104\006\110\006\112\006\050}{section.1.1}% 12
\BOOKMARK [1][-]{section.1.2}{\376\377\006\043\006\106\006\110\006\047\006\071\000\040\006\052\006\067\006\050\006\112\006\102\006\047\006\052\000\040\006\047\006\104\006\110\006\112\006\050\000\040\006\110\006\107\006\106\006\057\006\063\006\051\000\040\006\047\006\104\006\071\006\105\006\112\006\104\000\040\006\110\006\047\006\104\006\056\006\047\006\057\006\105}{chapter.1}% 13
\BOOKMARK [2][-]{subsection.1.2.1}{\376\377\006\047\006\104\006\105\006\110\006\047\006\102\006\071\000\040\006\047\006\104\006\053\006\047\006\050\006\052\006\051\000\040\006\110\006\047\006\104\006\057\006\112\006\106\006\047\006\105\006\112\006\103\006\112\006\051}{section.1.2}% 14
\BOOKMARK [2][-]{subsection.1.2.2}{\376\377\006\105\006\071\006\105\006\047\006\061\006\112\006\051\000\040\006\047\006\104\006\071\006\105\006\112\006\104\000\040\006\110\006\047\006\104\006\056\006\047\006\057\006\105\000\040\006\110\006\106\006\105\006\110\006\060\006\054\000\040\0003\000-\000T\000i\000e\000r\000s}{section.1.2}% 15
\BOOKMARK [2][-]{subsection.1.2.3}{\376\377\006\052\006\102\006\106\006\112\006\051\000\040\006\047\006\104\006\110\006\063\006\047\006\067\006\051\000\040\000I\000n\000e\000r\000t\000i\000a\000.\000j\000s}{section.1.2}% 16
\BOOKMARK [1][-]{section.1.3}{\376\377\006\047\006\104\006\052\006\102\006\106\006\112\006\047\006\052\000\040\006\047\006\104\006\105\006\063\006\052\006\071\006\105\006\104\006\051\000\040\006\101\006\112\000\040\006\047\006\104\006\110\006\047\006\054\006\107\006\051\000\040\006\047\006\104\006\043\006\105\006\047\006\105\006\112\006\051\000\040\000\050\000F\000r\000o\000n\000t\000e\000n\000d\000\051}{chapter.1}% 17
\BOOKMARK [2][-]{subsection.1.3.1}{\376\377\006\105\006\103\006\052\006\050\006\051\000\040\000R\000e\000a\000c\000t\000\040\0001\0009\000\040\006\110\006\104\006\072\006\051\000\040\000T\000y\000p\000e\000S\000c\000r\000i\000p\000t}{section.1.3}% 18
\BOOKMARK [2][-]{subsection.1.3.2}{\376\377\006\045\006\067\006\047\006\061\000\040\006\047\006\104\006\052\006\106\006\063\006\112\006\102\000\040\000T\000a\000i\000l\000w\000i\000n\000d\000\040\000C\000S\000S\000\040\000v\0004\000\040\006\110\006\043\006\057\006\047\006\051\000\040\006\047\006\104\006\050\006\106\006\047\006\041\000\040\000V\000i\000t\000e}{section.1.3}% 19
\BOOKMARK [1][-]{section.1.4}{\376\377\006\047\006\104\006\052\006\102\006\106\006\112\006\047\006\052\000\040\006\047\006\104\006\105\006\063\006\052\006\071\006\105\006\104\006\051\000\040\006\101\006\112\000\040\006\047\006\104\006\110\006\047\006\054\006\107\006\051\000\040\006\047\006\104\006\056\006\104\006\101\006\112\006\051\000\040\000\050\000B\000a\000c\000k\000e\000n\000d\000\051}{chapter.1}% 20
\BOOKMARK [2][-]{subsection.1.4.1}{\376\377\006\104\006\072\006\051\000\040\000P\000H\000P\000\040\0008\000.\0002\000+\000\040\006\110\006\106\006\105\006\067\000\040\006\047\006\104\006\105\006\071\006\105\006\047\006\061\006\112\006\051\000\040\000M\000V\000C}{section.1.4}% 21
\BOOKMARK [2][-]{subsection.1.4.2}{\376\377\006\045\006\067\006\047\006\061\000\040\006\047\006\104\006\071\006\105\006\104\000\040\000L\000a\000r\000a\000v\000e\000l\000\040\0001\0002\000\040\006\110\006\105\006\055\006\061\006\103\000\040\000E\000l\000o\000q\000u\000e\000n\000t\000\040\000O\000R\000M}{section.1.4}% 22
\BOOKMARK [1][-]{section.1.5}{\376\377\006\043\006\105\006\106\000\040\006\047\006\104\006\052\006\067\006\050\006\112\006\102\006\047\006\052\000\040\006\110\006\106\006\070\006\047\006\105\000\040\006\045\006\057\006\047\006\061\006\051\000\040\006\047\006\104\006\065\006\104\006\047\006\055\006\112\006\047\006\052\000\040\000\050\000R\000B\000A\000C\000\051}{chapter.1}% 23
\BOOKMARK [0][-]{chapter.2}{\376\377\006\047\006\104\006\057\006\061\006\047\006\063\006\051\000\040\006\047\006\104\006\052\006\105\006\107\006\112\006\057\006\112\006\051}{}% 24
\BOOKMARK [1][-]{section.2.1}{\376\377\006\052\006\102\006\057\006\112\006\105\000\040\006\047\006\104\006\105\006\044\006\063\006\063\006\051\000\040\006\047\006\104\006\105\006\063\006\052\006\102\006\050\006\120\006\104\006\051}{chapter.2}% 25
\BOOKMARK [2][-]{subsection.2.1.1}{\376\377\006\052\006\071\006\061\006\112\006\101\000\040\006\047\006\104\006\105\006\044\006\063\006\063\006\051\000\040\006\110\006\106\006\064\006\047\006\067\006\107\006\047}{section.2.1}% 26
\BOOKMARK [2][-]{subsection.2.1.2}{\376\377\006\047\006\104\006\105\006\054\006\047\006\104\006\047\006\052\000\040\006\047\006\104\006\105\006\052\006\061\006\110\006\104\006\110\006\054\006\112\006\051\000\040\006\047\006\104\006\105\006\071\006\052\006\105\006\057\006\051\000\040\006\101\006\112\000\040\006\047\006\104\006\105\006\056\006\050\006\061}{section.2.1}% 27
\BOOKMARK [1][-]{section.2.2}{\376\377\006\047\006\104\006\107\006\112\006\103\006\104\000\040\006\047\006\104\006\052\006\106\006\070\006\112\006\105\006\112\000\040\006\104\006\104\006\105\006\044\006\063\006\063\006\051}{chapter.2}% 28
\BOOKMARK [1][-]{section.2.3}{\376\377\006\057\006\061\006\047\006\063\006\051\000\040\006\047\006\104\006\110\006\066\006\071\000\040\006\047\006\104\006\055\006\047\006\104\006\112\000\040\006\110\006\106\006\102\006\057\006\107}{chapter.2}% 29
\BOOKMARK [2][-]{subsection.2.3.1}{\376\377\006\110\006\065\006\101\000\040\006\047\006\104\006\045\006\054\006\061\006\047\006\041\006\047\006\052\000\040\006\047\006\104\006\112\006\057\006\110\006\112\006\051\000\040\006\047\006\104\006\063\006\047\006\050\006\102\006\051}{section.2.3}% 30
\BOOKMARK [2][-]{subsection.2.3.2}{\376\377\006\106\006\102\006\057\000\040\006\047\006\104\006\110\006\066\006\071\000\040\006\047\006\104\006\102\006\047\006\046\006\105\000\040\006\110\006\106\006\102\006\047\006\067\000\040\006\047\006\104\006\066\006\071\006\101}{section.2.3}% 31
\BOOKMARK [1][-]{section.2.4}{\376\377\006\047\006\104\006\055\006\104\000\040\006\047\006\104\006\105\006\102\006\052\006\061\006\055\000\040\006\110\006\105\006\110\006\047\006\065\006\101\006\047\006\052\000\040\006\047\006\104\006\047\006\055\006\052\006\112\006\047\006\054\006\047\006\052}{chapter.2}% 32
\BOOKMARK [2][-]{subsection.2.4.1}{\376\377\006\047\006\104\006\055\006\104\000\040\006\047\006\104\006\061\006\102\006\105\006\112\000\040\006\047\006\104\006\105\006\071\006\052\006\105\006\057}{section.2.4}% 33
\BOOKMARK [2][-]{subsection.2.4.2}{\376\377\006\047\006\104\006\105\006\052\006\067\006\104\006\050\006\047\006\052\000\040\006\047\006\104\006\110\006\070\006\112\006\101\006\112\006\051\000\040\000\050\000B\000e\000s\000o\000i\000n\000s\000\040\000F\000o\000n\000c\000t\000i\000o\000n\000n\000e\000l\000s\000\051}{section.2.4}% 34
\BOOKMARK [2][-]{subsection.2.4.3}{\376\377\006\047\006\104\006\105\006\052\006\067\006\104\006\050\006\047\006\052\000\040\006\072\006\112\006\061\000\040\006\047\006\104\006\110\006\070\006\112\006\101\006\112\006\051\000\040\000\050\000B\000e\000s\000o\000i\000n\000s\000\040\000N\000o\000n\000-\000F\000o\000n\000c\000t\000i\000o\000n\000n\000e\000l\000s\000\051}{section.2.4}% 35
\BOOKMARK [1][-]{section.2.5}{\376\377\006\047\006\104\006\105\006\106\006\107\006\054\006\112\006\051\000\040\006\047\006\104\006\105\006\052\006\050\006\071\006\051\000\040\006\101\006\112\000\040\006\052\006\067\006\110\006\112\006\061\000\040\006\047\006\104\006\105\006\064\006\061\006\110\006\071}{chapter.2}% 36
\BOOKMARK [0][-]{chapter.3}{\376\377\006\047\006\104\006\052\006\055\006\104\006\112\006\104\000\040\006\110\006\047\006\104\006\052\006\065\006\105\006\112\006\105}{}% 37
\BOOKMARK [1][-]{section.3.1}{\376\377\006\052\006\055\006\057\006\112\006\057\000\040\006\047\006\104\006\101\006\047\006\071\006\104\006\112\006\106\000\040\006\110\006\047\006\104\006\105\006\056\006\067\006\067\000\040\006\047\006\104\006\071\006\047\006\105\000\040\006\104\006\055\006\047\006\104\006\047\006\052\000\040\006\047\006\104\006\047\006\063\006\052\006\056\006\057\006\047\006\105}{chapter.3}% 38
\BOOKMARK [2][-]{subsection.3.1.1}{\376\377\006\047\006\104\006\101\006\047\006\071\006\104\006\110\006\106\000\040\006\101\006\112\000\040\006\047\006\104\006\106\006\070\006\047\006\105}{section.3.1}% 39
\BOOKMARK [2][-]{subsection.3.1.2}{\376\377\006\047\006\104\006\105\006\056\006\067\006\067\000\040\006\047\006\104\006\071\006\047\006\105\000\040\006\104\006\055\006\047\006\104\006\047\006\052\000\040\006\047\006\104\006\047\006\063\006\052\006\056\006\057\006\047\006\105}{section.3.1}% 40
\BOOKMARK [1][-]{section.3.2}{\376\377\006\050\006\067\006\047\006\102\006\047\006\052\000\040\006\110\006\065\006\101\000\040\006\055\006\047\006\104\006\047\006\052\000\040\006\047\006\104\006\047\006\063\006\052\006\056\006\057\006\047\006\105}{chapter.3}% 41
\BOOKMARK [1][-]{section.3.3}{\376\377\006\047\006\104\006\106\006\105\006\060\006\054\006\051\000\040\006\047\006\104\006\055\006\061\006\103\006\112\006\051\000\040\000\050\006\105\006\056\006\067\006\067\006\047\006\052\000\040\006\047\006\104\006\052\006\063\006\104\006\063\006\104\000\051}{chapter.3}% 42
\BOOKMARK [2][-]{subsection.3.3.1}{\376\377\006\105\006\056\006\067\006\067\000\040\006\052\006\063\006\104\006\063\006\104\000\040\006\047\006\104\006\105\006\065\006\047\006\057\006\102\006\051\000\040\006\110\006\047\006\104\006\052\006\055\006\102\006\102\000\040\006\105\006\106\000\040\006\047\006\104\006\065\006\104\006\047\006\055\006\112\006\047\006\052}{section.3.3}% 43
\BOOKMARK [2][-]{subsection.3.3.2}{\376\377\006\105\006\056\006\067\006\067\000\040\006\052\006\063\006\104\006\063\006\104\000\040\006\052\006\102\006\057\006\112\006\105\000\040\006\047\006\104\006\067\006\104\006\050\000\040\006\110\006\047\006\104\006\052\006\043\006\107\006\112\006\104\000\040\006\047\006\104\006\052\006\054\006\047\006\061\006\112}{section.3.3}% 44
\BOOKMARK [2][-]{subsection.3.3.3}{\376\377\006\105\006\056\006\067\006\067\000\040\006\052\006\063\006\104\006\063\006\104\000\040\006\052\006\106\006\101\006\112\006\060\000\040\006\047\006\104\006\105\006\071\006\047\006\112\006\061\006\051\006\014\000\040\006\061\006\101\006\071\000\040\006\047\006\104\006\052\006\102\006\061\006\112\006\061\000\040\006\110\006\047\006\104\006\105\006\061\006\047\006\054\006\071\006\051}{section.3.3}% 45
\BOOKMARK [2][-]{subsection.3.3.4}{\376\377\006\105\006\056\006\067\006\067\000\040\006\052\006\063\006\104\006\063\006\104\000\040\006\047\006\104\006\047\006\071\006\052\006\105\006\047\006\057\000\040\006\047\006\104\006\106\006\107\006\047\006\046\006\112\000\040\006\104\006\104\006\064\006\107\006\047\006\057\006\051\000\040\006\110\006\047\006\104\006\052\006\055\006\105\006\112\006\104}{section.3.3}% 46
\BOOKMARK [1][-]{section.3.4}{\376\377\006\105\006\056\006\067\006\067\000\040\006\047\006\104\006\055\006\047\006\104\006\047\006\052\000\040\006\110\006\047\006\104\006\047\006\106\006\052\006\102\006\047\006\104\006\047\006\052\000\040\006\104\006\057\006\110\006\061\006\051\000\040\006\055\006\112\006\047\006\051\000\040\006\047\006\104\006\067\006\104\006\050}{chapter.3}% 47
\BOOKMARK [1][-]{section.3.5}{\376\377\006\102\006\110\006\047\006\071\006\057\000\040\006\047\006\104\006\052\006\063\006\112\006\112\006\061\000\040\006\110\006\047\006\104\006\052\006\061\006\105\006\112\006\062\000\040\006\047\006\104\006\105\006\110\006\055\006\057}{chapter.3}% 48
\BOOKMARK [2][-]{subsection.3.5.1}{\376\377\006\102\006\110\006\047\006\071\006\057\000\040\006\047\006\104\006\052\006\061\006\105\006\112\006\062\000\040\006\047\006\104\006\061\006\063\006\105\006\112\000\040\006\104\006\104\006\110\006\053\006\047\006\046\006\102}{section.3.5}% 49
\BOOKMARK [2][-]{subsection.3.5.2}{\376\377\006\102\006\110\006\047\006\071\006\057\000\040\006\047\006\104\006\052\006\063\006\112\006\112\006\061\000\040\006\047\006\104\006\105\006\071\006\052\006\105\006\057\006\051\000\040\000\050\000R\000G\000\051}{section.3.5}% 50
\BOOKMARK [1][-]{section.3.6}{\376\377\006\047\006\104\006\106\006\105\006\060\006\054\006\051\000\040\006\047\006\104\006\107\006\112\006\103\006\104\006\112\006\051\000\040\006\110\006\102\006\047\006\105\006\110\006\063\000\040\006\047\006\104\006\105\006\071\006\067\006\112\006\047\006\052}{chapter.3}% 51
\BOOKMARK [2][-]{subsection.3.6.1}{\376\377\006\105\006\056\006\067\006\067\000\040\006\047\006\104\006\101\006\046\006\047\006\052\000\040\006\047\006\104\006\056\006\047\006\065\000\040\006\050\006\047\006\104\006\105\006\054\006\047\006\104\000\040\006\047\006\104\006\105\006\052\006\061\006\110\006\104\006\110\006\054\006\112}{section.3.6}% 52
\BOOKMARK [2][-]{subsection.3.6.2}{\376\377\006\047\006\104\006\054\006\057\006\110\006\104\000\040\006\047\006\104\006\052\006\061\006\103\006\112\006\050\006\112\000\040\006\104\006\104\006\101\006\046\006\047\006\052\000\040\006\047\006\104\006\043\006\063\006\047\006\063\006\112\006\051}{section.3.6}% 53
\BOOKMARK [2][-]{subsection.3.6.3}{\376\377\006\102\006\047\006\105\006\110\006\063\000\040\006\047\006\104\006\105\006\071\006\067\006\112\006\047\006\052\000\040\006\104\006\104\006\054\006\057\006\047\006\110\006\104\000\040\006\047\006\104\006\043\006\063\006\047\006\063\006\112\006\051}{section.3.6}% 54
\BOOKMARK [1][-]{section.3.7}{\376\377\006\047\006\104\006\047\006\106\006\052\006\102\006\047\006\104\000\040\006\045\006\104\006\111\000\040\006\047\006\104\006\106\006\105\006\110\006\060\006\054\000\040\006\047\006\104\006\071\006\104\006\047\006\046\006\102\006\112\000\040\000\050\000P\000a\000s\000s\000a\000g\000e\000\040\000a\000u\000\040\000M\000o\000d\000\350\000l\000e\000\040\000R\000e\000l\000a\000t\000i\000o\000n\000n\000e\000l\000\051}{chapter.3}% 55
\BOOKMARK [2][-]{subsection.3.7.1}{\376\377\006\102\006\110\006\047\006\071\006\057\000\040\006\047\006\104\006\052\006\055\006\110\006\112\006\104\000\040\006\047\006\104\006\105\006\071\006\052\006\105\006\057\006\051}{section.3.7}% 56
\BOOKMARK [2][-]{subsection.3.7.2}{\376\377\006\054\006\057\006\110\006\104\000\040\006\047\006\104\006\052\006\055\006\110\006\112\006\104\000\040\000\050\000M\000a\000p\000p\000i\000n\000g\000\040\000T\000a\000b\000l\000e\000\051}{section.3.7}% 57
\BOOKMARK [2][-]{subsection.3.7.3}{\376\377\006\054\006\057\006\047\006\110\006\104\000\040\006\047\006\104\006\061\006\050\006\067\000\040\000\050\000P\000i\000v\000o\000t\000\040\000T\000a\000b\000l\000e\000s\000\051}{section.3.7}% 58
\BOOKMARK [1][-]{section.3.8}{\376\377\006\105\006\056\006\067\006\067\000\040\006\047\006\104\006\106\006\064\006\061\000\040\006\047\006\104\006\101\006\112\006\062\006\112\006\047\006\046\006\112\000\040\006\104\006\104\006\105\006\106\006\065\006\051}{chapter.3}% 59
\BOOKMARK [0][-]{chapter.4}{\376\377\006\047\006\104\006\045\006\106\006\054\006\047\006\062\000\040\006\110\006\047\006\104\006\047\006\056\006\052\006\050\006\047\006\061\006\047\006\052}{}% 60
\BOOKMARK [1][-]{section.4.1}{\376\377\006\050\006\112\006\046\006\051\000\040\006\047\006\104\006\052\006\067\006\110\006\112\006\061\000\040\006\110\006\047\006\104\006\043\006\057\006\110\006\047\006\052\000\040\006\047\006\104\006\105\006\071\006\052\006\105\006\057\006\051}{chapter.4}% 61
\BOOKMARK [1][-]{section.4.2}{\376\377\006\047\006\104\006\107\006\112\006\103\006\104\006\051\000\040\006\047\006\104\006\050\006\061\006\105\006\054\006\112\006\051\000\040\006\104\006\104\006\105\006\064\006\061\006\110\006\071}{chapter.4}% 62
\BOOKMARK [2][-]{subsection.4.2.1}{\376\377\006\052\006\067\006\050\006\112\006\102\000\040\006\105\006\050\006\057\006\043\000\040\006\071\006\057\006\105\000\040\006\102\006\047\006\050\006\104\006\112\006\051\000\040\006\052\006\071\006\057\006\112\006\104\000\040\006\047\006\104\006\064\006\107\006\047\006\057\006\047\006\052\000\040\000\050\000I\000m\000m\000u\000t\000a\000b\000i\000l\000i\000t\000y\000\051}{section.4.2}% 63
\BOOKMARK [1][-]{section.4.3}{\376\377\006\047\006\063\006\052\006\071\006\061\006\047\006\066\000\040\006\110\006\047\006\054\006\107\006\047\006\052\000\040\006\047\006\104\006\106\006\070\006\047\006\105\000\040\006\047\006\104\006\061\006\046\006\112\006\063\006\112\006\051}{chapter.4}% 64
\BOOKMARK [2][-]{subsection.4.3.1}{\376\377\006\047\006\104\006\110\006\047\006\054\006\107\006\051\000\040\006\047\006\104\006\071\006\047\006\105\006\051\000\040\006\110\006\057\006\104\006\112\006\104\000\040\006\047\006\104\006\056\006\057\006\105\006\047\006\052\000\040\006\047\006\104\006\105\006\052\006\061\006\110\006\104\006\110\006\054\006\112\006\051}{section.4.3}% 65
\BOOKMARK [2][-]{subsection.4.3.2}{\376\377\006\101\006\066\006\047\006\041\000\040\006\047\006\104\006\062\006\050\006\110\006\106\000\040\000:\000\040\006\045\006\057\006\061\006\047\006\054\000\040\006\067\006\104\006\050\000\040\006\105\006\052\006\071\006\057\006\057\000\040\006\047\006\104\006\105\006\071\006\057\006\047\006\052\000\040\006\110\006\052\006\052\006\050\006\071\000\040\006\047\006\104\006\064\006\107\006\047\006\057\006\047\006\052}{section.4.3}% 66
\BOOKMARK [2][-]{subsection.4.3.3}{\376\377\006\101\006\066\006\047\006\041\000\040\006\047\006\104\006\105\006\065\006\104\006\055\006\051\000\040\006\047\006\104\006\052\006\054\006\047\006\061\006\112\006\051}{section.4.3}% 67
\BOOKMARK [2][-]{subsection.4.3.4}{\376\377\006\104\006\110\006\055\006\051\000\040\006\052\006\055\006\103\006\105\000\040\006\105\006\063\006\044\006\110\006\104\000\040\006\047\006\104\006\105\006\052\006\061\006\110\006\104\006\110\006\054\006\112\006\047}{section.4.3}% 68
\BOOKMARK [2][-]{subsection.4.3.5}{\376\377\006\101\006\066\006\047\006\041\000\040\006\047\006\104\006\052\006\102\006\106\006\112\000\040\006\047\006\104\006\105\006\052\006\061\006\110\006\104\006\110\006\054\006\112}{section.4.3}% 69
\BOOKMARK [2][-]{subsection.4.3.6}{\376\377\006\101\006\066\006\047\006\041\000\040\006\105\006\063\006\044\006\110\006\104\000\040\006\047\006\104\006\106\006\070\006\047\006\105}{section.4.3}% 70
\BOOKMARK [1][-]{section.4.4}{\376\377\006\047\006\063\006\052\006\061\006\047\006\052\006\112\006\054\006\112\006\051\000\040\006\047\006\104\006\047\006\056\006\052\006\050\006\047\006\061\006\047\006\052\000\040\006\110\006\047\006\104\006\052\006\055\006\102\006\102\000\040\006\047\006\104\006\042\006\104\006\112}{chapter.4}% 71
\BOOKMARK [2][-]{subsection.4.4.1}{\376\377\006\107\006\061\006\105\000\040\006\047\006\104\006\047\006\056\006\052\006\050\006\047\006\061\006\047\006\052}{section.4.4}% 72
\BOOKMARK [2][-]{subsection.4.4.2}{\376\377\006\106\006\052\006\047\006\046\006\054\000\040\006\055\006\062\006\105\006\051\000\040\006\047\006\104\006\047\006\056\006\052\006\050\006\047\006\061\006\047\006\052\000\040\006\047\006\104\006\042\006\104\006\112\006\051}{section.4.4}% 73
\BOOKMARK [2][-]{subsection.4.4.3}{\376\377\006\063\006\112\006\106\006\047\006\061\006\112\006\110\006\107\006\047\006\052\000\040\006\047\006\104\006\052\006\055\006\102\006\102\000\040\006\047\006\104\006\110\006\070\006\112\006\101\006\112\000\040\006\047\006\104\006\055\006\061\006\054\006\051}{section.4.4}% 74
\BOOKMARK [2][-]{subsection.4.4.4}{\376\377\006\110\006\047\006\054\006\107\006\051\000\040\006\052\006\064\006\072\006\112\006\104\000\040\006\047\006\104\006\047\006\056\006\052\006\050\006\047\006\061\006\047\006\052\000\040\006\047\006\104\006\042\006\104\006\112\006\051}{section.4.4}% 75
\BOOKMARK [0][-]{chapter*.100}{\376\377\006\047\006\104\006\056\006\047\006\052\006\105\006\051\000\040\006\047\006\104\006\071\006\047\006\105\006\051\000\040\006\110\006\047\006\104\006\042\006\101\006\047\006\102\000\040\006\047\006\104\006\105\006\063\006\052\006\102\006\050\006\104\006\112\006\051}{}% 76
\BOOKMARK [0][-]{chapter*.104}{\376\377\006\102\006\047\006\046\006\105\006\051\000\040\006\047\006\104\006\105\006\061\006\047\006\054\006\071\000\040\006\110\006\047\006\104\006\105\006\065\006\047\006\057\006\061}{}% 77
\BOOKMARK [0][-]{appendix*.106}{\376\377\006\047\006\104\006\105\006\104\006\047\006\055\006\102}{}% 78
